=== lint round 1788981165 ===
I1 'docs/conf.py' in no unit, not excluded, not unpartitioned
I1 'tests/conftest.py' in no unit, not excluded, not unpartitioned
I1 'tests/test_appctx.py' in no unit, not excluded, not unpartitioned
I1 'tests/test_apps/blueprintapp/__init__.py' in no unit, not excluded, not unpartitioned
I1 'tests/test_apps/blueprintapp/apps/__init__.py' in no unit, not excluded, not unpartitioned
I1 'tests/test_apps/blueprintapp/apps/admin/__init__.py' in no unit, not excluded, not unpartitioned
I1 'tests/test_apps/blueprintapp/apps/frontend/__init__.py' in no unit, not excluded, not unpartitioned
I1 'tests/test_apps/cliapp/__init__.py' in no unit, not excluded, not unpartitioned
I1 'tests/test_apps/cliapp/app.py' in no unit, not excluded, not unpartitioned
I1 'tests/test_apps/cliapp/factory.py' in no unit, not excluded, not unpartitioned
I1 'tests/test_apps/cliapp/importerrorapp.py' in no unit, not excluded, not unpartitioned
I1 'tests/test_apps/cliapp/inner1/__init__.py' in no unit, not excluded, not unpartitioned
I1 'tests/test_apps/cliapp/inner1/inner2/__init__.py' in no unit, not excluded, not unpartitioned
I1 'tests/test_apps/cliapp/inner1/inner2/flask.py' in no unit, not excluded, not unpartitioned
I1 'tests/test_apps/cliapp/multiapp.py' in no unit, not excluded, not unpartitioned
I1 'tests/test_apps/helloworld/hello.py' in no unit, not excluded, not unpartitioned
I1 'tests/test_apps/helloworld/wsgi.py' in no unit, not excluded, not unpartitioned
I1 'tests/test_apps/subdomaintestmodule/__init__.py' in no unit, not excluded, not unpartitioned
I1 'tests/test_async.py' in no unit, not excluded, not unpartitioned
I1 'tests/test_basic.py' in no unit, not excluded, not unpartitioned
I1 'tests/test_blueprints.py' in no unit, not excluded, not unpartitioned
I1 'tests/test_cli.py' in no unit, not excluded, not unpartitioned
I1 'tests/test_config.py' in no unit, not excluded, not unpartitioned
I1 'tests/test_converters.py' in no unit, not excluded, not unpartitioned
I1 'tests/test_helpers.py' in no unit, not excluded, not unpartitioned
I1 'tests/test_instance_config.py' in no unit, not excluded, not unpartitioned
I1 'tests/test_json.py' in no unit, not excluded, not unpartitioned
I1 'tests/test_json_tag.py' in no unit, not excluded, not unpartitioned
I1 'tests/test_logging.py' in no unit, not excluded, not unpartitioned
I1 'tests/test_regression.py' in no unit, not excluded, not unpartitioned
I1 'tests/test_reqctx.py' in no unit, not excluded, not unpartitioned
I1 'tests/test_request.py' in no unit, not excluded, not unpartitioned
I1 'tests/test_session_interface.py' in no unit, not excluded, not unpartitioned
I1 'tests/test_signals.py' in no unit, not excluded, not unpartitioned
I1 'tests/test_subclassing.py' in no unit, not excluded, not unpartitioned
I1 'tests/test_templating.py' in no unit, not excluded, not unpartitioned
I1 'tests/test_testing.py' in no unit, not excluded, not unpartitioned
I1 'tests/test_user_error_handler.py' in no unit, not excluded, not unpartitioned
I1 'tests/test_views.py' in no unit, not excluded, not unpartitioned
I1 'tests/type_check/typing_app_decorators.py' in no unit, not excluded, not unpartitioned
I1 'tests/type_check/typing_error_handler.py' in no unit, not excluded, not unpartitioned
I1 'tests/type_check/typing_route.py' in no unit, not excluded, not unpartitioned
42 blocking error(s)
exit=1
=== lint round 1788981344 ===
0 blocking error(s)
exit=0
