=== lint round 1788976940 ===
I1 'docs/_themes/flask_theme_support.py' in no unit, not excluded, not unpartitioned
I1 'docs/conf.py' in no unit, not excluded, not unpartitioned
I1 'tests/__init__.py' in no unit, not excluded, not unpartitioned
I1 'tests/compat.py' in no unit, not excluded, not unpartitioned
I1 'tests/conftest.py' in no unit, not excluded, not unpartitioned
I1 'tests/test_adapters.py' in no unit, not excluded, not unpartitioned
I1 'tests/test_help.py' in no unit, not excluded, not unpartitioned
I1 'tests/test_hooks.py' in no unit, not excluded, not unpartitioned
I1 'tests/test_lowlevel.py' in no unit, not excluded, not unpartitioned
I1 'tests/test_packages.py' in no unit, not excluded, not unpartitioned
I1 'tests/test_requests.py' in no unit, not excluded, not unpartitioned
I1 'tests/test_structures.py' in no unit, not excluded, not unpartitioned
I1 'tests/test_testserver.py' in no unit, not excluded, not unpartitioned
I1 'tests/test_utils.py' in no unit, not excluded, not unpartitioned
I1 'tests/testserver/__init__.py' in no unit, not excluded, not unpartitioned
I1 'tests/testserver/server.py' in no unit, not excluded, not unpartitioned
I1 'tests/utils.py' in no unit, not excluded, not unpartitioned
I4 'environment' file 'src/requests/__init__.py' shows 'network' effect not declared
I4 'environment' file 'src/requests/compat.py' shows 'network' effect not declared
I4 'primitives' file 'src/requests/status_codes.py' shows 'network' effect not declared
I4 'request-response-model' file 'src/requests/models.py' shows 'network' effect not declared
21 blocking error(s)
exit=1
