=== lint round 1788959689 ===
I1 'c/example/calibrate.c' in no unit, not excluded, not unpartitioned
I1 'c/example/camera-client.c' in no unit, not excluded, not unpartitioned
I1 'c/example/camera-server.c' in no unit, not excluded, not unpartitioned
I1 'c/example/mission.c' in no unit, not excluded, not unpartitioned
I1 'c/example/params.c' in no unit, not excluded, not unpartitioned
I1 'c/example/takeoff-and-land.c' in no unit, not excluded, not unpartitioned
I1 'c/tools/generate_cmake.py' in no unit, not excluded, not unpartitioned
I1 'cpp/src/fuzz_tests/mavlink_fuzzer.cpp' in no unit, not excluded, not unpartitioned
I1 'cpp/src/mavsdk/core/autopilot_test.cpp' in no unit, not excluded, not unpartitioned
I1 'cpp/src/mavsdk/core/base64_test.cpp' in no unit, not excluded, not unpartitioned
I1 'cpp/src/mavsdk/core/call_every_handler_test.cpp' in no unit, not excluded, not unpartitioned
I1 'cpp/src/mavsdk/core/callback_list_test.cpp' in no unit, not excluded, not unpartitioned
I1 'cpp/src/mavsdk/core/cli_arg_test.cpp' in no unit, not excluded, not unpartitioned
I1 'cpp/src/mavsdk/core/compatibility_mode_test.cpp' in no unit, not excluded, not unpartitioned
I1 'cpp/src/mavsdk/core/connection_result_test.cpp' in no unit, not excluded, not unpartitioned
I1 'cpp/src/mavsdk/core/crc32_test.cpp' in no unit, not excluded, not unpartitioned
I1 'cpp/src/mavsdk/core/curl_test.cpp' in no unit, not excluded, not unpartitioned
I1 'cpp/src/mavsdk/core/file_cache_test.cpp' in no unit, not excluded, not unpartitioned
I1 'cpp/src/mavsdk/core/flight_mode_test.cpp' in no unit, not excluded, not unpartitioned
I1 'cpp/src/mavsdk/core/fs_utils_test.cpp' in no unit, not excluded, not unpartitioned
I1 'cpp/src/mavsdk/core/geometry_test.cpp' in no unit, not excluded, not unpartitioned
I1 'cpp/src/mavsdk/core/handle_factory_test.cpp' in no unit, not excluded, not unpartitioned
I1 'cpp/src/mavsdk/core/heartbeat_watchdog_test.cpp' in no unit, not excluded, not unpartitioned
I1 'cpp/src/mavsdk/core/hostname_to_ip_test.cpp' in no unit, not excluded, not unpartitioned
I1 'cpp/src/mavsdk/core/http_loader_test.cpp' in no unit, not excluded, not unpartitioned
I1 'cpp/src/mavsdk/core/locked_queue_test.cpp' in no unit, not excluded, not unpartitioned
I1 'cpp/src/mavsdk/core/log_race_test.cpp' in no unit, not excluded, not unpartitioned
I1 'cpp/src/mavsdk/core/math_utils_test.cpp' in no unit, not excluded, not unpartitioned
I1 'cpp/src/mavsdk/core/mavlink_channels_test.cpp' in no unit, not excluded, not unpartitioned
I1 'cpp/src/mavsdk/core/mavlink_component_metadata_test.cpp' in no unit, not excluded, not unpartitioned
I1 'cpp/src/mavsdk/core/mavlink_message_handler_test.cpp' in no unit, not excluded, not unpartitioned
I1 'cpp/src/mavsdk/core/mavlink_mission_transfer_client_test.cpp' in no unit, not excluded, not unpartitioned
I1 'cpp/src/mavsdk/core/mavlink_mission_transfer_server_test.cpp' in no unit, not excluded, not unpartitioned
I1 'cpp/src/mavsdk/core/mavlink_parameter_cache_test.cpp' in no unit, not excluded, not unpartitioned
I1 'cpp/src/mavsdk/core/mavlink_parameter_helper_test.cpp' in no unit, not excluded, not unpartitioned
I1 'cpp/src/mavsdk/core/mavlink_statustext_handler_test.cpp' in no unit, not excluded, not unpartitioned
I1 'cpp/src/mavsdk/core/mavsdk_test.cpp' in no unit, not excluded, not unpartitioned
I1 'cpp/src/mavsdk/core/mavsdk_time_test.cpp' in no unit, not excluded, not unpartitioned
I1 'cpp/src/mavsdk/core/mocks/lazy_plugin_mock.hpp' in no unit, not excluded, not unpartitioned
I1 'cpp/src/mavsdk/core/mocks/mavsdk_mock.hpp' in no unit, not excluded, not unpartitioned
I1 'cpp/src/mavsdk/core/mocks/sender_mock.hpp' in no unit, not excluded, not unpartitioned
I1 'cpp/src/mavsdk/core/mocks/system_mock.hpp' in no unit, not excluded, not unpartitioned
I1 'cpp/src/mavsdk/core/overloaded_test.cpp' in no unit, not excluded, not unpartitioned
I1 'cpp/src/mavsdk/core/param_value_xml_test.cpp' in no unit, not excluded, not unpartitioned
I1 'cpp/src/mavsdk/core/ringbuffer_test.cpp' in no unit, not excluded, not unpartitioned
I1 'cpp/src/mavsdk/core/serial_connection.hpp' in no unit, not excluded, not unpartitioned
I1 'cpp/src/mavsdk/core/string_utils_test.cpp' in no unit, not excluded, not unpartitioned
I1 'cpp/src/mavsdk/core/timeout_handler_test.cpp' in no unit, not excluded, not unpartitioned
I1 'cpp/src/mavsdk/core/tx_queue_test.cpp' in no unit, not excluded, not unpartitioned
I1 'cpp/src/mavsdk/core/vehicle_test.cpp' in no unit, not excluded, not unpartitioned
I1 ...and 509 more unassigned files
I2 'grpc-server-daemon'.gRPC network API location 'cpp/src/mavsdk_server/src/generated/core/core.grpc.pb.h' not in unit files
I2 'jni-bindings'.per-plugin native methods location 'jni/plugins/action/action_jni.cpp' not in unit files
I2 'kotlin-bindings'.Mavsdk location 'kt/mavsdk-kotlin/src/jvmAndroidMain/kotlin/io/mavsdk/kotlin/Mavsdk.kt' not in unit files
I2 'kotlin-bindings'.System location 'kt/mavsdk-kotlin/src/commonMain/kotlin/io/mavsdk/kotlin/System.kt' not in unit files
I2 'kotlin-bindings'.plugins.action.Action location 'kt/mavsdk-kotlin/src/commonMain/kotlin/io/mavsdk/kotlin/plugins/action/Action.kt' not in unit files
I2 'kotlin-bindings'.Configuration location 'kt/mavsdk-kotlin/src/commonMain/kotlin/io/mavsdk/kotlin/Configuration.kt' not in unit files
I2 'kotlin-bindings'.ServerComponent location 'kt/mavsdk-kotlin/src/commonMain/kotlin/io/mavsdk/kotlin/ServerComponent.kt' not in unit files
I2 'python-sync-bindings'.Action location 'py/mavsdk/mavsdk/plugins/action/action.py' not in unit files
I2 'python-sync-bindings'.Telemetry location 'py/mavsdk/mavsdk/plugins/telemetry/telemetry.py' not in unit files
I2 'python-sync-bindings'.Camera location 'py/mavsdk/mavsdk/plugins/camera/camera.py' not in unit files
I2 'python-sync-bindings'.remaining plugin classes location 'py/mavsdk/mavsdk/plugins/' not in unit files
I2 'python-async-bindings'.plugins.action.ActionAsync location 'py/aiomavsdk/aiomavsdk/plugins/action/action.py' not in unit files
I2 'python-async-bindings'.plugins.telemetry.TelemetryAsync location 'py/aiomavsdk/aiomavsdk/plugins/telemetry/telemetry.py' not in unit files
I2 'python-async-bindings'.plugins.action_server.ActionServerAsync location 'py/aiomavsdk/aiomavsdk/plugins/action_server/action_server.py' not in unit files
I4 'python-sync-bindings' file 'py/mavsdk/mavsdk/cmavsdk_loader.py' shows 'filesystem' effect not declared
I4 'python-async-bindings' file 'py/aiomavsdk/setup.py' shows 'filesystem' effect not declared
67 blocking error(s)
exit=1
=== lint round 1788960880 ===
I1 'c/example/calibrate.c' in no unit, not excluded, not unpartitioned
I1 'c/example/camera-client.c' in no unit, not excluded, not unpartitioned
I1 'c/example/camera-server.c' in no unit, not excluded, not unpartitioned
I1 'c/example/mission.c' in no unit, not excluded, not unpartitioned
I1 'c/example/params.c' in no unit, not excluded, not unpartitioned
I1 'c/example/takeoff-and-land.c' in no unit, not excluded, not unpartitioned
I1 'c/src/cmavsdk/autopilot.h' in no unit, not excluded, not unpartitioned
I1 'c/src/cmavsdk/component_type.h' in no unit, not excluded, not unpartitioned
I1 'c/src/cmavsdk/connection_result.h' in no unit, not excluded, not unpartitioned
I1 'c/src/cmavsdk/log.cpp' in no unit, not excluded, not unpartitioned
I1 'c/src/cmavsdk/log.h' in no unit, not excluded, not unpartitioned
I1 'c/src/cmavsdk/mavsdk.cpp' in no unit, not excluded, not unpartitioned
I1 'c/src/cmavsdk/mavsdk.h' in no unit, not excluded, not unpartitioned
I1 'c/src/cmavsdk/mavsdk_export.h' in no unit, not excluded, not unpartitioned
I1 'c/src/cmavsdk/plugins/action/action.cpp' in no unit, not excluded, not unpartitioned
I1 'c/src/cmavsdk/plugins/action/action.h' in no unit, not excluded, not unpartitioned
I1 'c/src/cmavsdk/plugins/action_server/action_server.cpp' in no unit, not excluded, not unpartitioned
I1 'c/src/cmavsdk/plugins/action_server/action_server.h' in no unit, not excluded, not unpartitioned
I1 'c/src/cmavsdk/plugins/arm_authorizer_server/arm_authorizer_server.cpp' in no unit, not excluded, not unpartitioned
I1 'c/src/cmavsdk/plugins/arm_authorizer_server/arm_authorizer_server.h' in no unit, not excluded, not unpartitioned
I1 'c/src/cmavsdk/plugins/calibration/calibration.cpp' in no unit, not excluded, not unpartitioned
I1 'c/src/cmavsdk/plugins/calibration/calibration.h' in no unit, not excluded, not unpartitioned
I1 'c/src/cmavsdk/plugins/camera/camera.cpp' in no unit, not excluded, not unpartitioned
I1 'c/src/cmavsdk/plugins/camera/camera.h' in no unit, not excluded, not unpartitioned
I1 'c/src/cmavsdk/plugins/camera_server/camera_server.cpp' in no unit, not excluded, not unpartitioned
I1 'c/src/cmavsdk/plugins/camera_server/camera_server.h' in no unit, not excluded, not unpartitioned
I1 'c/src/cmavsdk/plugins/component_metadata/component_metadata.cpp' in no unit, not excluded, not unpartitioned
I1 'c/src/cmavsdk/plugins/component_metadata/component_metadata.h' in no unit, not excluded, not unpartitioned
I1 'c/src/cmavsdk/plugins/component_metadata_server/component_metadata_server.cpp' in no unit, not excluded, not unpartitioned
I1 'c/src/cmavsdk/plugins/component_metadata_server/component_metadata_server.h' in no unit, not excluded, not unpartitioned
I1 'c/src/cmavsdk/plugins/events/events.cpp' in no unit, not excluded, not unpartitioned
I1 'c/src/cmavsdk/plugins/events/events.h' in no unit, not excluded, not unpartitioned
I1 'c/src/cmavsdk/plugins/failure/failure.cpp' in no unit, not excluded, not unpartitioned
I1 'c/src/cmavsdk/plugins/failure/failure.h' in no unit, not excluded, not unpartitioned
I1 'c/src/cmavsdk/plugins/follow_me/follow_me.cpp' in no unit, not excluded, not unpartitioned
I1 'c/src/cmavsdk/plugins/follow_me/follow_me.h' in no unit, not excluded, not unpartitioned
I1 'c/src/cmavsdk/plugins/ftp/ftp.cpp' in no unit, not excluded, not unpartitioned
I1 'c/src/cmavsdk/plugins/ftp/ftp.h' in no unit, not excluded, not unpartitioned
I1 'c/src/cmavsdk/plugins/ftp_server/ftp_server.cpp' in no unit, not excluded, not unpartitioned
I1 'c/src/cmavsdk/plugins/ftp_server/ftp_server.h' in no unit, not excluded, not unpartitioned
I1 'c/src/cmavsdk/plugins/geofence/geofence.cpp' in no unit, not excluded, not unpartitioned
I1 'c/src/cmavsdk/plugins/geofence/geofence.h' in no unit, not excluded, not unpartitioned
I1 'c/src/cmavsdk/plugins/gimbal/gimbal.cpp' in no unit, not excluded, not unpartitioned
I1 'c/src/cmavsdk/plugins/gimbal/gimbal.h' in no unit, not excluded, not unpartitioned
I1 'c/src/cmavsdk/plugins/gripper/gripper.cpp' in no unit, not excluded, not unpartitioned
I1 'c/src/cmavsdk/plugins/gripper/gripper.h' in no unit, not excluded, not unpartitioned
I1 'c/src/cmavsdk/plugins/info/info.cpp' in no unit, not excluded, not unpartitioned
I1 'c/src/cmavsdk/plugins/info/info.h' in no unit, not excluded, not unpartitioned
I1 'c/src/cmavsdk/plugins/log_files/log_files.cpp' in no unit, not excluded, not unpartitioned
I1 'c/src/cmavsdk/plugins/log_files/log_files.h' in no unit, not excluded, not unpartitioned
I1 ...and 798 more unassigned files
51 blocking error(s)
exit=1
